# Test a graph if loaded csv file is empty

loaded graph heros