# Test if two nodes does not have any path

# To run this test, the marvel dataset must exist at
#   hw-marvel/src/main/resources/data/soccerPlayer.csv

loaded graph soccer

path from Messi to Haland:
no path found