# Testing Dijkstra's algorithm when there are no paths between two nodes

created graph graph1

added node n1 to graph1
added node n2 to graph1

path from n1 to n2:
no path found