# Testing Test whether Dijkstra's algorithm works correctly
# if there are two nodes which have a single node

created graph graph1

added node n1 to graph1
added node n2 to graph1

added edge 1.000 from n1 to n2 in graph1

path from n1 to n2:
n1 to n2 with weight 1.000
total cost: 1.000