# Testing Dijkstra's algorithm when there are no paths between multiple nodes

created graph graph1

added node n1 to graph1
added node n2 to graph1
added node n3 to graph1

path from n1 to n2:
no path found

path from n2 to n3:
no path found

path from n1 to n3:
no path found